// Jest Snapshot v1, https://goo.gl/fbAQLP

exports[`Componente App.vue App debe hacer match son el snapshot 1`] = `<pokemon-page-stub></pokemon-page-stub>`;
